---
source: crates/node/tests/shims_test.rs
expression: "std::fs::read_to_string(sandbox.path().join(\".proto/shims\").join(if cfg!(windows)\n                    {\n                    format!(\"{}.cmd\", \"node-test\")\n                } else { \"node-test\".to_string() })).unwrap()"
---
#!/usr/bin/env bash
set -e

if [ -n "$PROTO_DEBUG" ]; then
    set -x
    echo "Running with node-test.sh shim"
fi

exec proto run node-test --  "$@" 

