---
source: crates/node-depman/tests/shims_test.rs
expression: "std::fs::read_to_string(sandbox.path().join(\".proto/shims\").join(if cfg!(windows)\n                    {\n                    format!(\"{}.cmd\", \"pnpx\")\n                } else { \"pnpx\".to_string() })).unwrap()"
---
#!/usr/bin/env bash
set -e
[ -n "$PROTO_DEBUG" ] && set -x


exec proto run pnpm-test -- dlx "$@" 


